OUT:
Buildfile: [TestData]/build.xml

build:
  [kotlinc] Compiling [[TestData]/main.kt] => [[Temp]/hello.jar]
  [kotlinc] warning: language version 1.8 is deprecated and its support will be removed in a future version of Kotlin
  [kotlinc] [TestData]/main.kt:3:16: error: the feature "when guards" is not supported in language versions 1.*, please use version 2.0 or later
  [kotlinc]         is Int if a > 10 -> {}
  [kotlinc]                ^^^^^^^^^

ERR:

BUILD FAILED
[TestData]/build.xml:5: Compile failed; see the compiler error output for details.

Total time: [time]

Return code: 1
